EN external_mux NULL "C:/dbdev/My Dropbox/GadgetFactory/Arduino-Soft-Core/uC/external_mux.vhd" sub00/vhpl45 1299626493
AR synchronizerlatch rtl "C:/dbdev/My Dropbox/GadgetFactory/Arduino-Soft-Core/Peripheral/SynchronizerLatch.vhd" sub00/vhpl22 1299626470
AR xpm8kx16 rtl "C:/dbdev/My Dropbox/GadgetFactory/Arduino-Soft-Core/Memory/XPM8Kx16.vhd" sub00/vhpl56 1299626504
EN ramdatareg NULL "C:/dbdev/My Dropbox/GadgetFactory/Arduino-Soft-Core/uC/RAMDataReg.vhd" sub00/vhpl43 1299626491
AR reg_file rtl "C:/dbdev/My Dropbox/GadgetFactory/Arduino-Soft-Core/Core/reg_file.vhd" sub00/vhpl27 1299626475
EN ocdprogtck NULL "C:/dbdev/My Dropbox/GadgetFactory/Arduino-Soft-Core/JTAG_OCD_Prg/OCDProgTCK.vhd" sub00/vhpl10 1299626458
AR io_reg_file rtl "C:/dbdev/My Dropbox/GadgetFactory/Arduino-Soft-Core/Core/io_reg_file.vhd" sub00/vhpl33 1299626481
EN dcm32to16 NULL "C:/dbdev/My Dropbox/GadgetFactory/Arduino-Soft-Core/DCM32to16.vhd" sub00/vhpl39 1299626487
AR timer_counter rtl "C:/dbdev/My Dropbox/GadgetFactory/Arduino-Soft-Core/Peripheral/Timer_Counter.vhd" sub00/vhpl50 1299626498
AR pm_fetch_dec rtl "C:/dbdev/My Dropbox/GadgetFactory/Arduino-Soft-Core/Core/pm_fetch_dec.vhd" sub00/vhpl25 1299626473
EN pm_fetch_dec NULL "C:/dbdev/My Dropbox/GadgetFactory/Arduino-Soft-Core/Core/pm_fetch_dec.vhd" sub00/vhpl24 1299626472
PH avr_uc_comppack NULL "C:/dbdev/My Dropbox/GadgetFactory/Arduino-Soft-Core/uC/AVR_uC_CompPack.vhd" sub00/vhpl36 1299626484
EN xdm4kx8 NULL "C:/dbdev/My Dropbox/GadgetFactory/Arduino-Soft-Core/Memory/XDM4Kx8.vhd" sub00/vhpl53 1299626501
EN synchronizerlatch NULL "C:/dbdev/My Dropbox/GadgetFactory/Arduino-Soft-Core/Peripheral/SynchronizerLatch.vhd" sub00/vhpl21 1299626469
EN xpm8kx16 NULL "C:/dbdev/My Dropbox/GadgetFactory/Arduino-Soft-Core/Memory/XPM8Kx16.vhd" sub00/vhpl55 1299626503
AR jtagocdprgtop rtl "C:/dbdev/My Dropbox/GadgetFactory/Arduino-Soft-Core/JTAG_OCD_Prg/JTAGOCDPrgTop.vhd" sub00/vhpl58 1299626506
AR avr_core struct "C:/dbdev/My Dropbox/GadgetFactory/Arduino-Soft-Core/Core/avr_core.vhd" sub00/vhpl42 1299626490
EN resetgenerator NULL "C:/dbdev/My Dropbox/GadgetFactory/Arduino-Soft-Core/uC/ResetGenerator.vhd" sub00/vhpl51 1299626499
EN pport NULL "C:/dbdev/My Dropbox/GadgetFactory/Arduino-Soft-Core/Peripheral/portx.vhd" sub00/vhpl47 1299626495
EN io_adr_dec NULL "C:/dbdev/My Dropbox/GadgetFactory/Arduino-Soft-Core/Core/io_adr_dec.vhd" sub00/vhpl30 1299626478
AR external_mux rtl "C:/dbdev/My Dropbox/GadgetFactory/Arduino-Soft-Core/uC/external_mux.vhd" sub00/vhpl46 1299626494
PH jtagtapctrlsmpack NULL "C:/dbdev/My Dropbox/GadgetFactory/Arduino-Soft-Core/JTAG_OCD_Prg/JTAGTAPCtrlSMPack.vhd" sub00/vhpl06 1299626454
AR arbiterandmux rtl "C:/dbdev/My Dropbox/GadgetFactory/Arduino-Soft-Core/MemArbAndMux/ArbiterAndMux.vhd" sub00/vhpl62 1299626510
PB jtagtapctrlsmpack jtagtapctrlsmpack "C:/dbdev/My Dropbox/GadgetFactory/Arduino-Soft-Core/JTAG_OCD_Prg/JTAGTAPCtrlSMPack.vhd" sub00/vhpl07 1299626455
EN alu_avr NULL "C:/dbdev/My Dropbox/GadgetFactory/Arduino-Soft-Core/Core/alu_avr.vhd" sub00/vhpl34 1299626482
AR ramadrdcd rtl "C:/dbdev/My Dropbox/GadgetFactory/Arduino-Soft-Core/MemArbAndMux/RAMAdrDcd.vhd" sub00/vhpl66 1299626514
PH avrucpackage NULL "C:/dbdev/My Dropbox/GadgetFactory/Arduino-Soft-Core/CommonPacks/AVRuCPackage.vhd" sub00/vhpl02 1299626450
AR io_adr_dec rtl "C:/dbdev/My Dropbox/GadgetFactory/Arduino-Soft-Core/Core/io_adr_dec.vhd" sub00/vhpl31 1299626479
AR papilio_avr8 struct "C:/dbdev/My Dropbox/GadgetFactory/Arduino-Soft-Core/uC/Papilio_AVR8.vhd" sub00/vhpl68 1299626516
PH synchronizercomppack NULL "C:/dbdev/My Dropbox/GadgetFactory/Arduino-Soft-Core/Peripheral/SynchronizerCompPack.vhd" sub00/vhpl18 1299626466
AR memrdmux rtl "C:/dbdev/My Dropbox/GadgetFactory/Arduino-Soft-Core/MemArbAndMux/MemRdMux.vhd" sub00/vhpl64 1299626512
EN avr_core NULL "C:/dbdev/My Dropbox/GadgetFactory/Arduino-Soft-Core/Core/avr_core.vhd" sub00/vhpl41 1299626489
PH synthctrlpack NULL "C:/dbdev/My Dropbox/GadgetFactory/Arduino-Soft-Core/CommonPacks/SynthCtrlPack.vhd" sub00/vhpl00 1299626448
AR resync1b_cp2 rtl "C:/dbdev/My Dropbox/GadgetFactory/Arduino-Soft-Core/JTAG_OCD_Prg/Resync1b_cp2.vhd" sub00/vhpl15 1299626463
AR dcm32to16 behavioral "C:/dbdev/My Dropbox/GadgetFactory/Arduino-Soft-Core/DCM32to16.vhd" sub00/vhpl40 1299626488
AR ocdprogcp2 rtl "C:/dbdev/My Dropbox/GadgetFactory/Arduino-Soft-Core/JTAG_OCD_Prg/OCDProgcp2.vhd" sub00/vhpl13 1299626461
PH memaccessctrlpack NULL "C:/dbdev/My Dropbox/GadgetFactory/Arduino-Soft-Core/MemArbAndMux/MemAccessCtrlPack.vhd" sub00/vhpl08 1299626456
EN ramadrdcd NULL "C:/dbdev/My Dropbox/GadgetFactory/Arduino-Soft-Core/MemArbAndMux/RAMAdrDcd.vhd" sub00/vhpl65 1299626513
PH xmemcomppack NULL "C:/dbdev/My Dropbox/GadgetFactory/Arduino-Soft-Core/Memory/XMemCompPack.vhd" sub00/vhpl37 1299626485
EN reg_file NULL "C:/dbdev/My Dropbox/GadgetFactory/Arduino-Soft-Core/Core/reg_file.vhd" sub00/vhpl26 1299626474
AR uart rtl "C:/dbdev/My Dropbox/GadgetFactory/Arduino-Soft-Core/Peripheral/uart.vhd" sub00/vhpl60 1299626508
PH avr_core_comppack NULL "C:/dbdev/My Dropbox/GadgetFactory/Arduino-Soft-Core/Core/AVR_Core_CompPack.vhd" sub00/vhpl23 1299626471
AR xdm4kx8 rtl "C:/dbdev/My Dropbox/GadgetFactory/Arduino-Soft-Core/Memory/XDM4Kx8.vhd" sub00/vhpl54 1299626502
PB avrucpackage avrucpackage "C:/dbdev/My Dropbox/GadgetFactory/Arduino-Soft-Core/CommonPacks/AVRuCPackage.vhd" sub00/vhpl03 1299626451
PH jtagpack NULL "C:/dbdev/My Dropbox/GadgetFactory/Arduino-Soft-Core/JTAG_OCD_Prg/JTAGPack.vhd" sub00/vhpl01 1299626449
AR bit_processor rtl "C:/dbdev/My Dropbox/GadgetFactory/Arduino-Soft-Core/Core/bit_processor.vhd" sub00/vhpl29 1299626477
PH jtagcomppack NULL "C:/dbdev/My Dropbox/GadgetFactory/Arduino-Soft-Core/JTAG_OCD_Prg/JTAGCompPack.vhd" sub00/vhpl09 1299626457
AR alu_avr rtl "C:/dbdev/My Dropbox/GadgetFactory/Arduino-Soft-Core/Core/alu_avr.vhd" sub00/vhpl35 1299626483
EN bit_processor NULL "C:/dbdev/My Dropbox/GadgetFactory/Arduino-Soft-Core/Core/bit_processor.vhd" sub00/vhpl28 1299626476
EN papilio_avr8 NULL "C:/dbdev/My Dropbox/GadgetFactory/Arduino-Soft-Core/uC/Papilio_AVR8.vhd" sub00/vhpl67 1299626515
EN resync1b_cp2 NULL "C:/dbdev/My Dropbox/GadgetFactory/Arduino-Soft-Core/JTAG_OCD_Prg/Resync1b_cp2.vhd" sub00/vhpl14 1299626462
PH memaccesscomppack NULL "C:/dbdev/My Dropbox/GadgetFactory/Arduino-Soft-Core/MemArbAndMux/MemAccessCompPack.vhd" sub00/vhpl38 1299626486
PH jtagdatapack NULL "C:/dbdev/My Dropbox/GadgetFactory/Arduino-Soft-Core/JTAG_OCD_Prg/JTAGDataPack.vhd" sub00/vhpl05 1299626453
EN jtagocdprgtop NULL "C:/dbdev/My Dropbox/GadgetFactory/Arduino-Soft-Core/JTAG_OCD_Prg/JTAGOCDPrgTop.vhd" sub00/vhpl57 1299626505
AR resetgenerator rtl "C:/dbdev/My Dropbox/GadgetFactory/Arduino-Soft-Core/uC/ResetGenerator.vhd" sub00/vhpl52 1299626500
EN io_reg_file NULL "C:/dbdev/My Dropbox/GadgetFactory/Arduino-Soft-Core/Core/io_reg_file.vhd" sub00/vhpl32 1299626480
AR synchronizerdff rtl "C:/dbdev/My Dropbox/GadgetFactory/Arduino-Soft-Core/Peripheral/SynchronizerDFF.vhd" sub00/vhpl20 1299626468
EN memrdmux NULL "C:/dbdev/My Dropbox/GadgetFactory/Arduino-Soft-Core/MemArbAndMux/MemRdMux.vhd" sub00/vhpl63 1299626511
EN resync1b_tck NULL "C:/dbdev/My Dropbox/GadgetFactory/Arduino-Soft-Core/JTAG_OCD_Prg/Resync1b_TCK.vhd" sub00/vhpl16 1299626464
AR resync1b_tck rtl "C:/dbdev/My Dropbox/GadgetFactory/Arduino-Soft-Core/JTAG_OCD_Prg/Resync1b_TCK.vhd" sub00/vhpl17 1299626465
EN uart NULL "C:/dbdev/My Dropbox/GadgetFactory/Arduino-Soft-Core/Peripheral/uart.vhd" sub00/vhpl59 1299626507
AR ocdprogtck rtl "C:/dbdev/My Dropbox/GadgetFactory/Arduino-Soft-Core/JTAG_OCD_Prg/OCDProgTCK.vhd" sub00/vhpl11 1299626459
EN synchronizerdff NULL "C:/dbdev/My Dropbox/GadgetFactory/Arduino-Soft-Core/Peripheral/SynchronizerDFF.vhd" sub00/vhpl19 1299626467
EN arbiterandmux NULL "C:/dbdev/My Dropbox/GadgetFactory/Arduino-Soft-Core/MemArbAndMux/ArbiterAndMux.vhd" sub00/vhpl61 1299626509
EN ocdprogcp2 NULL "C:/dbdev/My Dropbox/GadgetFactory/Arduino-Soft-Core/JTAG_OCD_Prg/OCDProgcp2.vhd" sub00/vhpl12 1299626460
PH jtagprogrammerpack NULL "C:/dbdev/My Dropbox/GadgetFactory/Arduino-Soft-Core/JTAG_OCD_Prg/JTAGProgrammerPack.vhd" sub00/vhpl04 1299626452
AR ramdatareg rtl "C:/dbdev/My Dropbox/GadgetFactory/Arduino-Soft-Core/uC/RAMDataReg.vhd" sub00/vhpl44 1299626492
AR pport rtl "C:/dbdev/My Dropbox/GadgetFactory/Arduino-Soft-Core/Peripheral/portx.vhd" sub00/vhpl48 1299626496
EN timer_counter NULL "C:/dbdev/My Dropbox/GadgetFactory/Arduino-Soft-Core/Peripheral/Timer_Counter.vhd" sub00/vhpl49 1299626497
