V3 176
FL "C:/dbdev/My Dropbox/GadgetFactory/Arduino-Soft-Core/CommonPacks/AVRuCPackage.vhd" 2010/04/21.11:19:22 M.63c
PH work/AVRuCPackage 1299626450 \
      FL "C:/dbdev/My Dropbox/GadgetFactory/Arduino-Soft-Core/CommonPacks/AVRuCPackage.vhd" \
      PB ieee/std_logic_1164 1277201847 PB ieee/std_logic_arith 1277201848 \
      PH work/SynthCtrlPack 1299626448
PB work/AVRuCPackage 1299626451 \
      FL "C:/dbdev/My Dropbox/GadgetFactory/Arduino-Soft-Core/CommonPacks/AVRuCPackage.vhd" \
      PH work/AVRuCPackage 1299626450
FL "C:/dbdev/My Dropbox/GadgetFactory/Arduino-Soft-Core/CommonPacks/SynthCtrlPack.vhd" 2011/03/08.16:19:42 M.63c
PH work/SynthCtrlPack 1299626448 \
      FL "C:/dbdev/My Dropbox/GadgetFactory/Arduino-Soft-Core/CommonPacks/SynthCtrlPack.vhd" \
      PB ieee/std_logic_1164 1277201847 PB ieee/std_logic_arith 1277201848
FL "C:/dbdev/My Dropbox/GadgetFactory/Arduino-Soft-Core/Core/alu_avr.vhd" 2003/08/01.14:26:26 M.63c
EN work/alu_avr 1299626482 \
      FL "C:/dbdev/My Dropbox/GadgetFactory/Arduino-Soft-Core/Core/alu_avr.vhd" \
      PB ieee/std_logic_1164 1277201847
AR work/alu_avr/rtl 1299626483 \
      FL "C:/dbdev/My Dropbox/GadgetFactory/Arduino-Soft-Core/Core/alu_avr.vhd" \
      EN work/alu_avr 1299626482
FL "C:/dbdev/My Dropbox/GadgetFactory/Arduino-Soft-Core/Core/avr_core.vhd" 2006/05/31.11:04:00 M.63c
EN work/AVR_Core 1299626489 \
      FL "C:/dbdev/My Dropbox/GadgetFactory/Arduino-Soft-Core/Core/avr_core.vhd" \
      PB ieee/std_logic_1164 1277201847 PH work/AVR_Core_CompPack 1299626471
AR work/avr_core/Struct 1299626490 \
      FL "C:/dbdev/My Dropbox/GadgetFactory/Arduino-Soft-Core/Core/avr_core.vhd" \
      EN work/AVR_Core 1299626489 CP pm_fetch_dec CP reg_file CP bit_processor \
      CP io_adr_dec CP io_reg_file CP alu_avr
FL "C:/dbdev/My Dropbox/GadgetFactory/Arduino-Soft-Core/Core/AVR_Core_CompPack.vhd" 2006/05/31.11:01:32 M.63c
PH work/AVR_Core_CompPack 1299626471 \
      FL "C:/dbdev/My Dropbox/GadgetFactory/Arduino-Soft-Core/Core/AVR_Core_CompPack.vhd" \
      PB ieee/std_logic_1164 1277201847 CD pm_fetch_dec CD alu_avr CD reg_file \
      CD io_reg_file CD bit_processor CD io_adr_dec
FL "C:/dbdev/My Dropbox/GadgetFactory/Arduino-Soft-Core/Core/bit_processor.vhd" 2004/04/21.23:00:10 M.63c
EN work/bit_processor 1299626476 \
      FL "C:/dbdev/My Dropbox/GadgetFactory/Arduino-Soft-Core/Core/bit_processor.vhd" \
      PB ieee/std_logic_1164 1277201847 PB ieee/STD_LOGIC_UNSIGNED 1277201849
AR work/bit_processor/RTL 1299626477 \
      FL "C:/dbdev/My Dropbox/GadgetFactory/Arduino-Soft-Core/Core/bit_processor.vhd" \
      EN work/bit_processor 1299626476
FL "C:/dbdev/My Dropbox/GadgetFactory/Arduino-Soft-Core/Core/io_adr_dec.vhd" 2003/06/05.01:11:18 M.63c
EN work/io_adr_dec 1299626478 \
      FL "C:/dbdev/My Dropbox/GadgetFactory/Arduino-Soft-Core/Core/io_adr_dec.vhd" \
      PB ieee/std_logic_1164 1277201847 PB work/AVRuCPackage 1299626451
AR work/io_adr_dec/RTL 1299626479 \
      FL "C:/dbdev/My Dropbox/GadgetFactory/Arduino-Soft-Core/Core/io_adr_dec.vhd" \
      EN work/io_adr_dec 1299626478
FL "C:/dbdev/My Dropbox/GadgetFactory/Arduino-Soft-Core/Core/io_reg_file.vhd" 2004/04/21.23:04:12 M.63c
EN work/io_reg_file 1299626480 \
      FL "C:/dbdev/My Dropbox/GadgetFactory/Arduino-Soft-Core/Core/io_reg_file.vhd" \
      PB ieee/std_logic_1164 1277201847 PB ieee/STD_LOGIC_UNSIGNED 1277201849 \
      PB work/AVRuCPackage 1299626451
AR work/io_reg_file/rtl 1299626481 \
      FL "C:/dbdev/My Dropbox/GadgetFactory/Arduino-Soft-Core/Core/io_reg_file.vhd" \
      EN work/io_reg_file 1299626480
FL "C:/dbdev/My Dropbox/GadgetFactory/Arduino-Soft-Core/Core/pm_fetch_dec.vhd" 2006/05/31.11:09:32 M.63c
EN work/pm_fetch_dec 1299626472 \
      FL "C:/dbdev/My Dropbox/GadgetFactory/Arduino-Soft-Core/Core/pm_fetch_dec.vhd" \
      PB ieee/std_logic_1164 1277201847 PB ieee/STD_LOGIC_UNSIGNED 1277201849 \
      PB work/AVRuCPackage 1299626451
AR work/pm_fetch_dec/RTL 1299626473 \
      FL "C:/dbdev/My Dropbox/GadgetFactory/Arduino-Soft-Core/Core/pm_fetch_dec.vhd" \
      EN work/pm_fetch_dec 1299626472
FL "C:/dbdev/My Dropbox/GadgetFactory/Arduino-Soft-Core/Core/reg_file.vhd" 2004/04/21.22:55:50 M.63c
EN work/reg_file 1299626474 \
      FL "C:/dbdev/My Dropbox/GadgetFactory/Arduino-Soft-Core/Core/reg_file.vhd" \
      PB ieee/std_logic_1164 1277201847 PB ieee/STD_LOGIC_UNSIGNED 1277201849 \
      PH work/SynthCtrlPack 1299626448
AR work/reg_file/RTL 1299626475 \
      FL "C:/dbdev/My Dropbox/GadgetFactory/Arduino-Soft-Core/Core/reg_file.vhd" \
      EN work/reg_file 1299626474
FL "C:/dbdev/My Dropbox/GadgetFactory/Arduino-Soft-Core/DCM32to16.vhd" 2011/03/08.15:51:48 M.63c
EN work/DCM32to16 1299626487 \
      FL "C:/dbdev/My Dropbox/GadgetFactory/Arduino-Soft-Core/DCM32to16.vhd" \
      PB ieee/std_logic_1164 1277201847 PB ieee/NUMERIC_STD 1277201848 LB UNISIM \
      PH unisim/VCOMPONENTS 1277201848
AR work/DCM32to16/BEHAVIORAL 1299626488 \
      FL "C:/dbdev/My Dropbox/GadgetFactory/Arduino-Soft-Core/DCM32to16.vhd" \
      EN work/DCM32to16 1299626487 CP BUFG CP IBUFG CP DCM_SP
FL "C:/dbdev/My Dropbox/GadgetFactory/Arduino-Soft-Core/JTAG_OCD_Prg/JTAGCompPack.vhd" 2006/05/31.12:08:04 M.63c
PH work/JTAGCompPack 1299626457 \
      FL "C:/dbdev/My Dropbox/GadgetFactory/Arduino-Soft-Core/JTAG_OCD_Prg/JTAGCompPack.vhd" \
      PB ieee/std_logic_1164 1277201847 CD OCDProgTCK CD OCDProgcp2 CD Resync1b_cp2 \
      CD Resync1b_TCK CD Resync16b_TCK
FL "C:/dbdev/My Dropbox/GadgetFactory/Arduino-Soft-Core/JTAG_OCD_Prg/JTAGDataPack.vhd" 2004/05/19.12:08:46 M.63c
PH work/JTAGDataPack 1299626453 \
      FL "C:/dbdev/My Dropbox/GadgetFactory/Arduino-Soft-Core/JTAG_OCD_Prg/JTAGDataPack.vhd" \
      PB ieee/std_logic_1164 1277201847
FL "C:/dbdev/My Dropbox/GadgetFactory/Arduino-Soft-Core/JTAG_OCD_Prg/JTAGOCDPrgTop.vhd" 2006/05/31.12:09:18 M.63c
EN work/JTAGOCDPrgTop 1299626505 \
      FL "C:/dbdev/My Dropbox/GadgetFactory/Arduino-Soft-Core/JTAG_OCD_Prg/JTAGOCDPrgTop.vhd" \
      PB ieee/std_logic_1164 1277201847 PH work/JTAGCompPack 1299626457
AR work/JTAGOCDPrgTop/RTL 1299626506 \
      FL "C:/dbdev/My Dropbox/GadgetFactory/Arduino-Soft-Core/JTAG_OCD_Prg/JTAGOCDPrgTop.vhd" \
      EN work/JTAGOCDPrgTop 1299626505 CP OCDProgTCK CP OCDProgcp2 CP Resync1b_cp2 \
      CP Resync1b_TCK
FL "C:/dbdev/My Dropbox/GadgetFactory/Arduino-Soft-Core/JTAG_OCD_Prg/JTAGPack.vhd" 2004/06/04.07:22:38 M.63c
PH work/JTAGPack 1299626449 \
      FL "C:/dbdev/My Dropbox/GadgetFactory/Arduino-Soft-Core/JTAG_OCD_Prg/JTAGPack.vhd" \
      PB ieee/std_logic_1164 1277201847
FL "C:/dbdev/My Dropbox/GadgetFactory/Arduino-Soft-Core/JTAG_OCD_Prg/JTAGProgrammerPack.vhd" 2004/05/13.05:54:08 M.63c
PH work/JTAGProgrammerPack 1299626452 \
      FL "C:/dbdev/My Dropbox/GadgetFactory/Arduino-Soft-Core/JTAG_OCD_Prg/JTAGProgrammerPack.vhd" \
      PB ieee/std_logic_1164 1277201847
FL "C:/dbdev/My Dropbox/GadgetFactory/Arduino-Soft-Core/JTAG_OCD_Prg/JTAGTAPCtrlSMPack.vhd" 2006/06/14.00:27:18 M.63c
PH work/JTAGTAPCtrlSMPack 1299626454 \
      FL "C:/dbdev/My Dropbox/GadgetFactory/Arduino-Soft-Core/JTAG_OCD_Prg/JTAGTAPCtrlSMPack.vhd" \
      PB ieee/std_logic_1164 1277201847
PB work/JTAGTAPCtrlSMPack 1299626455 \
      FL "C:/dbdev/My Dropbox/GadgetFactory/Arduino-Soft-Core/JTAG_OCD_Prg/JTAGTAPCtrlSMPack.vhd" \
      PH work/JTAGTAPCtrlSMPack 1299626454
FL "C:/dbdev/My Dropbox/GadgetFactory/Arduino-Soft-Core/JTAG_OCD_Prg/OCDProgcp2.vhd" 2006/06/19.22:48:10 M.63c
EN work/OCDProgcp2 1299626460 \
      FL "C:/dbdev/My Dropbox/GadgetFactory/Arduino-Soft-Core/JTAG_OCD_Prg/OCDProgcp2.vhd" \
      PB ieee/std_logic_1164 1277201847 PB ieee/STD_LOGIC_UNSIGNED 1277201849 \
      PH work/JTAGPack 1299626449 PB work/AVRuCPackage 1299626451
AR work/OCDProgcp2/RTL 1299626461 \
      FL "C:/dbdev/My Dropbox/GadgetFactory/Arduino-Soft-Core/JTAG_OCD_Prg/OCDProgcp2.vhd" \
      EN work/OCDProgcp2 1299626460
FL "C:/dbdev/My Dropbox/GadgetFactory/Arduino-Soft-Core/JTAG_OCD_Prg/OCDProgTCK.vhd" 2006/06/19.22:52:38 M.63c
EN work/OCDProgTCK 1299626458 \
      FL "C:/dbdev/My Dropbox/GadgetFactory/Arduino-Soft-Core/JTAG_OCD_Prg/OCDProgTCK.vhd" \
      PB ieee/std_logic_1164 1277201847 PB ieee/STD_LOGIC_UNSIGNED 1277201849 \
      PH work/JTAGPack 1299626449 PH work/JTAGProgrammerPack 1299626452 \
      PH work/JTAGDataPack 1299626453 PB work/JTAGTAPCtrlSMPack 1299626455
AR work/OCDProgTCK/RTL 1299626459 \
      FL "C:/dbdev/My Dropbox/GadgetFactory/Arduino-Soft-Core/JTAG_OCD_Prg/OCDProgTCK.vhd" \
      EN work/OCDProgTCK 1299626458
FL "C:/dbdev/My Dropbox/GadgetFactory/Arduino-Soft-Core/JTAG_OCD_Prg/Resync1b_cp2.vhd" 2004/05/27.12:53:44 M.63c
EN work/Resync1b_cp2 1299626462 \
      FL "C:/dbdev/My Dropbox/GadgetFactory/Arduino-Soft-Core/JTAG_OCD_Prg/Resync1b_cp2.vhd" \
      PB ieee/std_logic_1164 1277201847
AR work/Resync1b_cp2/RTL 1299626463 \
      FL "C:/dbdev/My Dropbox/GadgetFactory/Arduino-Soft-Core/JTAG_OCD_Prg/Resync1b_cp2.vhd" \
      EN work/Resync1b_cp2 1299626462
FL "C:/dbdev/My Dropbox/GadgetFactory/Arduino-Soft-Core/JTAG_OCD_Prg/Resync1b_TCK.vhd" 2004/05/27.12:53:18 M.63c
EN work/Resync1b_TCK 1299626464 \
      FL "C:/dbdev/My Dropbox/GadgetFactory/Arduino-Soft-Core/JTAG_OCD_Prg/Resync1b_TCK.vhd" \
      PB ieee/std_logic_1164 1277201847
AR work/Resync1b_TCK/RTL 1299626465 \
      FL "C:/dbdev/My Dropbox/GadgetFactory/Arduino-Soft-Core/JTAG_OCD_Prg/Resync1b_TCK.vhd" \
      EN work/Resync1b_TCK 1299626464
FL "C:/dbdev/My Dropbox/GadgetFactory/Arduino-Soft-Core/MemArbAndMux/ArbiterAndMux.vhd" 2005/07/27.01:27:18 M.63c
EN work/ArbiterAndMux 1299626509 \
      FL "C:/dbdev/My Dropbox/GadgetFactory/Arduino-Soft-Core/MemArbAndMux/ArbiterAndMux.vhd" \
      PB ieee/std_logic_1164 1277201847 PH work/MemAccessCtrlPack 1299626456
AR work/ArbiterAndMux/RTL 1299626510 \
      FL "C:/dbdev/My Dropbox/GadgetFactory/Arduino-Soft-Core/MemArbAndMux/ArbiterAndMux.vhd" \
      EN work/ArbiterAndMux 1299626509
FL "C:/dbdev/My Dropbox/GadgetFactory/Arduino-Soft-Core/MemArbAndMux/MemAccessCompPack.vhd" 2005/07/24.03:42:12 M.63c
PH work/MemAccessCompPack 1299626486 \
      FL "C:/dbdev/My Dropbox/GadgetFactory/Arduino-Soft-Core/MemArbAndMux/MemAccessCompPack.vhd" \
      PB ieee/std_logic_1164 1277201847 PH work/MemAccessCtrlPack 1299626456 \
      CD ArbiterAndMux CD MemRdMux CD RAMAdrDcd
FL "C:/dbdev/My Dropbox/GadgetFactory/Arduino-Soft-Core/MemArbAndMux/MemAccessCtrlPack.vhd" 2005/08/02.01:20:10 M.63c
PH work/MemAccessCtrlPack 1299626456 \
      FL "C:/dbdev/My Dropbox/GadgetFactory/Arduino-Soft-Core/MemArbAndMux/MemAccessCtrlPack.vhd" \
      PB ieee/std_logic_1164 1277201847
FL "C:/dbdev/My Dropbox/GadgetFactory/Arduino-Soft-Core/MemArbAndMux/MemRdMux.vhd" 2005/07/24.02:06:42 M.63c
EN work/MemRdMux 1299626511 \
      FL "C:/dbdev/My Dropbox/GadgetFactory/Arduino-Soft-Core/MemArbAndMux/MemRdMux.vhd" \
      PB ieee/std_logic_1164 1277201847 PH work/MemAccessCtrlPack 1299626456
AR work/MemRdMux/RTL 1299626512 \
      FL "C:/dbdev/My Dropbox/GadgetFactory/Arduino-Soft-Core/MemArbAndMux/MemRdMux.vhd" \
      EN work/MemRdMux 1299626511
FL "C:/dbdev/My Dropbox/GadgetFactory/Arduino-Soft-Core/MemArbAndMux/RAMAdrDcd.vhd" 2005/07/31.04:39:02 M.63c
EN work/RAMAdrDcd 1299626513 \
      FL "C:/dbdev/My Dropbox/GadgetFactory/Arduino-Soft-Core/MemArbAndMux/RAMAdrDcd.vhd" \
      PB ieee/std_logic_1164 1277201847 PB ieee/STD_LOGIC_UNSIGNED 1277201849 \
      PH work/MemAccessCtrlPack 1299626456
AR work/RAMAdrDcd/RTL 1299626514 \
      FL "C:/dbdev/My Dropbox/GadgetFactory/Arduino-Soft-Core/MemArbAndMux/RAMAdrDcd.vhd" \
      EN work/RAMAdrDcd 1299626513
FL "C:/dbdev/My Dropbox/GadgetFactory/Arduino-Soft-Core/Memory/XDM4Kx8.vhd" 2011/03/08.12:15:14 M.63c
EN work/XDM4Kx8 1299626501 \
      FL "C:/dbdev/My Dropbox/GadgetFactory/Arduino-Soft-Core/Memory/XDM4Kx8.vhd" \
      PB ieee/std_logic_1164 1277201847 PB ieee/STD_LOGIC_UNSIGNED 1277201849 \
      LB UNISIM PH unisim/VCOMPONENTS 1277201848
AR work/XDM4Kx8/RTL 1299626502 \
      FL "C:/dbdev/My Dropbox/GadgetFactory/Arduino-Soft-Core/Memory/XDM4Kx8.vhd" \
      EN work/XDM4Kx8 1299626501 CP RAMB16_S9
FL "C:/dbdev/My Dropbox/GadgetFactory/Arduino-Soft-Core/Memory/XMemCompPack.vhd" 2010/04/22.14:24:32 M.63c
PH work/XMemCompPack 1299626485 \
      FL "C:/dbdev/My Dropbox/GadgetFactory/Arduino-Soft-Core/Memory/XMemCompPack.vhd" \
      PB ieee/std_logic_1164 1277201847 CD XPM16Kx16 CD XDM16Kx8 CD XDM32Kx8 \
      CD XPM8Kx16 CD XPM4Kx16 CD XDM4Kx8
FL "C:/dbdev/My Dropbox/GadgetFactory/Arduino-Soft-Core/Memory/XPM8Kx16.vhd" 2011/03/08.12:15:37 M.63c
EN work/XPM8Kx16 1299626503 \
      FL "C:/dbdev/My Dropbox/GadgetFactory/Arduino-Soft-Core/Memory/XPM8Kx16.vhd" \
      PB ieee/std_logic_1164 1277201847 PB ieee/STD_LOGIC_UNSIGNED 1277201849 \
      LB UNISIM PH unisim/VCOMPONENTS 1277201848
AR work/XPM8Kx16/RTL 1299626504 \
      FL "C:/dbdev/My Dropbox/GadgetFactory/Arduino-Soft-Core/Memory/XPM8Kx16.vhd" \
      EN work/XPM8Kx16 1299626503 CP RAMB16_S18
FL "C:/dbdev/My Dropbox/GadgetFactory/Arduino-Soft-Core/Peripheral/portx.vhd" 2003/08/10.13:22:12 M.63c
EN work/pport 1299626495 \
      FL "C:/dbdev/My Dropbox/GadgetFactory/Arduino-Soft-Core/Peripheral/portx.vhd" \
      PB ieee/std_logic_1164 1277201847 PB work/AVRuCPackage 1299626451 \
      PH work/SynthCtrlPack 1299626448 PH work/SynchronizerCompPack 1299626466
AR work/pport/RTL 1299626496 \
      FL "C:/dbdev/My Dropbox/GadgetFactory/Arduino-Soft-Core/Peripheral/portx.vhd" \
      EN work/pport 1299626495 CP SynchronizerDFF CP SynchronizerLatch
FL "C:/dbdev/My Dropbox/GadgetFactory/Arduino-Soft-Core/Peripheral/SynchronizerCompPack.vhd" 2003/08/10.13:17:04 M.63c
PH work/SynchronizerCompPack 1299626466 \
      FL "C:/dbdev/My Dropbox/GadgetFactory/Arduino-Soft-Core/Peripheral/SynchronizerCompPack.vhd" \
      PB ieee/std_logic_1164 1277201847 CD SynchronizerLatch CD SynchronizerDFF
FL "C:/dbdev/My Dropbox/GadgetFactory/Arduino-Soft-Core/Peripheral/SynchronizerDFF.vhd" 2003/07/30.09:22:26 M.63c
EN work/SynchronizerDFF 1299626467 \
      FL "C:/dbdev/My Dropbox/GadgetFactory/Arduino-Soft-Core/Peripheral/SynchronizerDFF.vhd" \
      PB ieee/std_logic_1164 1277201847
AR work/SynchronizerDFF/RTL 1299626468 \
      FL "C:/dbdev/My Dropbox/GadgetFactory/Arduino-Soft-Core/Peripheral/SynchronizerDFF.vhd" \
      EN work/SynchronizerDFF 1299626467
FL "C:/dbdev/My Dropbox/GadgetFactory/Arduino-Soft-Core/Peripheral/SynchronizerLatch.vhd" 2003/08/10.13:16:30 M.63c
EN work/SynchronizerLatch 1299626469 \
      FL "C:/dbdev/My Dropbox/GadgetFactory/Arduino-Soft-Core/Peripheral/SynchronizerLatch.vhd" \
      PB ieee/std_logic_1164 1277201847
AR work/SynchronizerLatch/RTL 1299626470 \
      FL "C:/dbdev/My Dropbox/GadgetFactory/Arduino-Soft-Core/Peripheral/SynchronizerLatch.vhd" \
      EN work/SynchronizerLatch 1299626469
FL "C:/dbdev/My Dropbox/GadgetFactory/Arduino-Soft-Core/Peripheral/Timer_Counter.vhd" 2004/06/11.03:10:58 M.63c
EN work/Timer_Counter 1299626497 \
      FL "C:/dbdev/My Dropbox/GadgetFactory/Arduino-Soft-Core/Peripheral/Timer_Counter.vhd" \
      PB ieee/std_logic_1164 1277201847 PB ieee/STD_LOGIC_UNSIGNED 1277201849 \
      PB work/AVRuCPackage 1299626451
AR work/Timer_Counter/RTL 1299626498 \
      FL "C:/dbdev/My Dropbox/GadgetFactory/Arduino-Soft-Core/Peripheral/Timer_Counter.vhd" \
      EN work/Timer_Counter 1299626497
FL "C:/dbdev/My Dropbox/GadgetFactory/Arduino-Soft-Core/Peripheral/uart.vhd" 2006/06/13.21:45:56 M.63c
EN work/uart 1299626507 \
      FL "C:/dbdev/My Dropbox/GadgetFactory/Arduino-Soft-Core/Peripheral/uart.vhd" \
      PB ieee/std_logic_1164 1277201847 PB ieee/STD_LOGIC_UNSIGNED 1277201849 \
      PB work/AVRuCPackage 1299626451
AR work/uart/RTL 1299626508 \
      FL "C:/dbdev/My Dropbox/GadgetFactory/Arduino-Soft-Core/Peripheral/uart.vhd" \
      EN work/uart 1299626507
FL "C:/dbdev/My Dropbox/GadgetFactory/Arduino-Soft-Core/uC/AVR_uC_CompPack.vhd" 2006/05/31.12:09:50 M.63c
PH work/AVR_uC_CompPack 1299626484 \
      FL "C:/dbdev/My Dropbox/GadgetFactory/Arduino-Soft-Core/uC/AVR_uC_CompPack.vhd" \
      PB ieee/std_logic_1164 1277201847 PB work/AVRuCPackage 1299626451 CD pport \
      CD external_mux CD RAMDataReg CD Timer_Counter CD AVR_Core CD ResetGenerator \
      CD PROM CD DataRAM CD CPUWaitGenerator CD ClockSwitch CD JTAGOCDPrgTop CD uart \
      CD FrqDiv
FL "C:/dbdev/My Dropbox/GadgetFactory/Arduino-Soft-Core/uC/external_mux.vhd" 2003/08/29.12:48:18 M.63c
EN work/external_mux 1299626493 \
      FL "C:/dbdev/My Dropbox/GadgetFactory/Arduino-Soft-Core/uC/external_mux.vhd" \
      PB ieee/std_logic_1164 1277201847 PB ieee/STD_LOGIC_UNSIGNED 1277201849 \
      PB work/AVRuCPackage 1299626451
AR work/external_mux/RTL 1299626494 \
      FL "C:/dbdev/My Dropbox/GadgetFactory/Arduino-Soft-Core/uC/external_mux.vhd" \
      EN work/external_mux 1299626493
FL "C:/dbdev/My Dropbox/GadgetFactory/Arduino-Soft-Core/uC/Papilio_AVR8.vhd" 2011/03/08.16:20:36 M.63c
EN work/Papilio_AVR8 1299626515 \
      FL "C:/dbdev/My Dropbox/GadgetFactory/Arduino-Soft-Core/uC/Papilio_AVR8.vhd" \
      PB ieee/std_logic_1164 1277201847 PB work/AVRuCPackage 1299626451 \
      PH work/AVR_uC_CompPack 1299626484 PH work/SynthCtrlPack 1299626448 \
      PH work/XMemCompPack 1299626485 PH work/MemAccessCtrlPack 1299626456 \
      PH work/MemAccessCompPack 1299626486
AR work/Papilio_AVR8/Struct 1299626516 \
      FL "C:/dbdev/My Dropbox/GadgetFactory/Arduino-Soft-Core/uC/Papilio_AVR8.vhd" \
      EN work/Papilio_AVR8 1299626515 CP DCM32to16 CP AVR_Core CP RAMDataReg \
      CP external_mux CP pport CP Timer_Counter CP ResetGenerator CP XDM4Kx8 \
      CP XPM8Kx16 CP JTAGOCDPrgTop CP uart CP ArbiterAndMux CP MemRdMux CP RAMAdrDcd
FL "C:/dbdev/My Dropbox/GadgetFactory/Arduino-Soft-Core/uC/RAMDataReg.vhd" 2002/11/02.04:54:20 M.63c
EN work/RAMDataReg 1299626491 \
      FL "C:/dbdev/My Dropbox/GadgetFactory/Arduino-Soft-Core/uC/RAMDataReg.vhd" \
      PB ieee/std_logic_1164 1277201847
AR work/RAMDataReg/RTL 1299626492 \
      FL "C:/dbdev/My Dropbox/GadgetFactory/Arduino-Soft-Core/uC/RAMDataReg.vhd" \
      EN work/RAMDataReg 1299626491
FL "C:/dbdev/My Dropbox/GadgetFactory/Arduino-Soft-Core/uC/ResetGenerator.vhd" 2003/08/12.05:08:14 M.63c
EN work/ResetGenerator 1299626499 \
      FL "C:/dbdev/My Dropbox/GadgetFactory/Arduino-Soft-Core/uC/ResetGenerator.vhd" \
      PB ieee/std_logic_1164 1277201847 PH work/SynthCtrlPack 1299626448
AR work/ResetGenerator/RTL 1299626500 \
      FL "C:/dbdev/My Dropbox/GadgetFactory/Arduino-Soft-Core/uC/ResetGenerator.vhd" \
      EN work/ResetGenerator 1299626499
