EN external_mux NULL C:/Users/killian/Downloads/GadgetFactory-Arduino-Soft-Core-v1.6-0-ga7f9bf7/GadgetFactory-Arduino-Soft-Core-06f1ba4/sources/uC/external_mux.vhd sub00/vhpl48 1304465534
AR synchronizerlatch rtl C:/Users/killian/Downloads/GadgetFactory-Arduino-Soft-Core-v1.6-0-ga7f9bf7/GadgetFactory-Arduino-Soft-Core-06f1ba4/sources/Peripheral/SynchronizerLatch.vhd sub00/vhpl23 1304465509
AR xpm8kx16 rtl C:/Users/killian/Downloads/GadgetFactory-Arduino-Soft-Core-v1.6-0-ga7f9bf7/GadgetFactory-Arduino-Soft-Core-06f1ba4/sources/Memory/XPM8Kx16.vhd sub00/vhpl59 1304465545
EN ramdatareg NULL C:/Users/killian/Downloads/GadgetFactory-Arduino-Soft-Core-v1.6-0-ga7f9bf7/GadgetFactory-Arduino-Soft-Core-06f1ba4/sources/uC/RAMDataReg.vhd sub00/vhpl46 1304465532
AR reg_file rtl C:/Users/killian/Downloads/GadgetFactory-Arduino-Soft-Core-v1.6-0-ga7f9bf7/GadgetFactory-Arduino-Soft-Core-06f1ba4/sources/Core/reg_file.vhd sub00/vhpl28 1304465514
EN ocdprogtck NULL C:/Users/killian/Downloads/GadgetFactory-Arduino-Soft-Core-v1.6-0-ga7f9bf7/GadgetFactory-Arduino-Soft-Core-06f1ba4/sources/JTAG_OCD_Prg/OCDProgTCK.vhd sub00/vhpl10 1304465496
AR io_reg_file rtl C:/Users/killian/Downloads/GadgetFactory-Arduino-Soft-Core-v1.6-0-ga7f9bf7/GadgetFactory-Arduino-Soft-Core-06f1ba4/sources/Core/io_reg_file.vhd sub00/vhpl34 1304465520
EN dcm32to16 NULL C:/Users/killian/Downloads/GadgetFactory-Arduino-Soft-Core-v1.6-0-ga7f9bf7/GadgetFactory-Arduino-Soft-Core-06f1ba4/scripts/XilinxISE/DCM32to16.vhd sub00/vhpl40 1304465526
AR timer_counter rtl C:/Users/killian/Downloads/GadgetFactory-Arduino-Soft-Core-v1.6-0-ga7f9bf7/GadgetFactory-Arduino-Soft-Core-06f1ba4/sources/Peripheral/Timer_Counter.vhd sub00/vhpl53 1304465539
AR pm_fetch_dec rtl C:/Users/killian/Downloads/GadgetFactory-Arduino-Soft-Core-v1.6-0-ga7f9bf7/GadgetFactory-Arduino-Soft-Core-06f1ba4/sources/Core/pm_fetch_dec.vhd sub00/vhpl26 1304465512
EN pm_fetch_dec NULL C:/Users/killian/Downloads/GadgetFactory-Arduino-Soft-Core-v1.6-0-ga7f9bf7/GadgetFactory-Arduino-Soft-Core-06f1ba4/sources/Core/pm_fetch_dec.vhd sub00/vhpl25 1304465511
PH avr_uc_comppack NULL C:/Users/killian/Downloads/GadgetFactory-Arduino-Soft-Core-v1.6-0-ga7f9bf7/GadgetFactory-Arduino-Soft-Core-06f1ba4/sources/uC/AVR_uC_CompPack.vhd sub00/vhpl37 1304465523
EN xdm4kx8 NULL C:/Users/killian/Downloads/GadgetFactory-Arduino-Soft-Core-v1.6-0-ga7f9bf7/GadgetFactory-Arduino-Soft-Core-06f1ba4/sources/Memory/XDM4Kx8.vhd sub00/vhpl56 1304465542
EN synchronizerlatch NULL C:/Users/killian/Downloads/GadgetFactory-Arduino-Soft-Core-v1.6-0-ga7f9bf7/GadgetFactory-Arduino-Soft-Core-06f1ba4/sources/Peripheral/SynchronizerLatch.vhd sub00/vhpl22 1304465508
AR jtagocdprgtop rtl C:/Users/killian/Downloads/GadgetFactory-Arduino-Soft-Core-v1.6-0-ga7f9bf7/GadgetFactory-Arduino-Soft-Core-06f1ba4/sources/JTAG_OCD_Prg/JTAGOCDPrgTop.vhd sub00/vhpl61 1304465547
EN xpm8kx16 NULL C:/Users/killian/Downloads/GadgetFactory-Arduino-Soft-Core-v1.6-0-ga7f9bf7/GadgetFactory-Arduino-Soft-Core-06f1ba4/sources/Memory/XPM8Kx16.vhd sub00/vhpl58 1304465544
AR avr_core struct C:/Users/killian/Downloads/GadgetFactory-Arduino-Soft-Core-v1.6-0-ga7f9bf7/GadgetFactory-Arduino-Soft-Core-06f1ba4/sources/Core/avr_core.vhd sub00/vhpl45 1304465531
EN resetgenerator NULL C:/Users/killian/Downloads/GadgetFactory-Arduino-Soft-Core-v1.6-0-ga7f9bf7/GadgetFactory-Arduino-Soft-Core-06f1ba4/sources/uC/ResetGenerator.vhd sub00/vhpl54 1304465540
PH prog_mem_init_pkg NULL C:/Users/killian/Downloads/GadgetFactory-Arduino-Soft-Core-v1.6-0-ga7f9bf7/GadgetFactory-Arduino-Soft-Core-06f1ba4/sources/Memory/prog_mem_init.vhd sub00/vhpl18 1304465504
EN pport NULL C:/Users/killian/Downloads/GadgetFactory-Arduino-Soft-Core-v1.6-0-ga7f9bf7/GadgetFactory-Arduino-Soft-Core-06f1ba4/sources/Peripheral/portx.vhd sub00/vhpl50 1304465536
EN io_adr_dec NULL C:/Users/killian/Downloads/GadgetFactory-Arduino-Soft-Core-v1.6-0-ga7f9bf7/GadgetFactory-Arduino-Soft-Core-06f1ba4/sources/Core/io_adr_dec.vhd sub00/vhpl31 1304465517
AR external_mux rtl C:/Users/killian/Downloads/GadgetFactory-Arduino-Soft-Core-v1.6-0-ga7f9bf7/GadgetFactory-Arduino-Soft-Core-06f1ba4/sources/uC/external_mux.vhd sub00/vhpl49 1304465535
PH jtagtapctrlsmpack NULL C:/Users/killian/Downloads/GadgetFactory-Arduino-Soft-Core-v1.6-0-ga7f9bf7/GadgetFactory-Arduino-Soft-Core-06f1ba4/sources/JTAG_OCD_Prg/JTAGTAPCtrlSMPack.vhd sub00/vhpl06 1304465492
AR arbiterandmux rtl C:/Users/killian/Downloads/GadgetFactory-Arduino-Soft-Core-v1.6-0-ga7f9bf7/GadgetFactory-Arduino-Soft-Core-06f1ba4/sources/MemArbAndMux/ArbiterAndMux.vhd sub00/vhpl65 1304465551
PB jtagtapctrlsmpack jtagtapctrlsmpack C:/Users/killian/Downloads/GadgetFactory-Arduino-Soft-Core-v1.6-0-ga7f9bf7/GadgetFactory-Arduino-Soft-Core-06f1ba4/sources/JTAG_OCD_Prg/JTAGTAPCtrlSMPack.vhd sub00/vhpl07 1304465493
EN alu_avr NULL C:/Users/killian/Downloads/GadgetFactory-Arduino-Soft-Core-v1.6-0-ga7f9bf7/GadgetFactory-Arduino-Soft-Core-06f1ba4/sources/Core/alu_avr.vhd sub00/vhpl35 1304465521
AR ramadrdcd rtl C:/Users/killian/Downloads/GadgetFactory-Arduino-Soft-Core-v1.6-0-ga7f9bf7/GadgetFactory-Arduino-Soft-Core-06f1ba4/sources/MemArbAndMux/RAMAdrDcd.vhd sub00/vhpl69 1304465555
PH avrucpackage NULL C:/Users/killian/Downloads/GadgetFactory-Arduino-Soft-Core-v1.6-0-ga7f9bf7/GadgetFactory-Arduino-Soft-Core-06f1ba4/sources/CommonPacks/AVRuCPackage.vhd sub00/vhpl02 1304465488
AR io_adr_dec rtl C:/Users/killian/Downloads/GadgetFactory-Arduino-Soft-Core-v1.6-0-ga7f9bf7/GadgetFactory-Arduino-Soft-Core-06f1ba4/sources/Core/io_adr_dec.vhd sub00/vhpl32 1304465518
AR papilio_avr8 struct C:/Users/killian/Downloads/GadgetFactory-Arduino-Soft-Core-v1.6-0-ga7f9bf7/GadgetFactory-Arduino-Soft-Core-06f1ba4/sources/uC/Papilio_AVR8.vhd sub00/vhpl71 1304465557
PH synchronizercomppack NULL C:/Users/killian/Downloads/GadgetFactory-Arduino-Soft-Core-v1.6-0-ga7f9bf7/GadgetFactory-Arduino-Soft-Core-06f1ba4/sources/Peripheral/SynchronizerCompPack.vhd sub00/vhpl19 1304465505
AR memrdmux rtl C:/Users/killian/Downloads/GadgetFactory-Arduino-Soft-Core-v1.6-0-ga7f9bf7/GadgetFactory-Arduino-Soft-Core-06f1ba4/sources/MemArbAndMux/MemRdMux.vhd sub00/vhpl67 1304465553
EN avr_core NULL C:/Users/killian/Downloads/GadgetFactory-Arduino-Soft-Core-v1.6-0-ga7f9bf7/GadgetFactory-Arduino-Soft-Core-06f1ba4/sources/Core/avr_core.vhd sub00/vhpl44 1304465530
PH synthctrlpack NULL C:/Users/killian/Downloads/GadgetFactory-Arduino-Soft-Core-v1.6-0-ga7f9bf7/GadgetFactory-Arduino-Soft-Core-06f1ba4/sources/CommonPacks/SynthCtrlPack.vhd sub00/vhpl00 1304465486
AR dcm32to16 behavioral C:/Users/killian/Downloads/GadgetFactory-Arduino-Soft-Core-v1.6-0-ga7f9bf7/GadgetFactory-Arduino-Soft-Core-06f1ba4/scripts/XilinxISE/DCM32to16.vhd sub00/vhpl41 1304465527
AR resync1b_cp2 rtl C:/Users/killian/Downloads/GadgetFactory-Arduino-Soft-Core-v1.6-0-ga7f9bf7/GadgetFactory-Arduino-Soft-Core-06f1ba4/sources/JTAG_OCD_Prg/Resync1b_cp2.vhd sub00/vhpl15 1304465501
AR ocdprogcp2 rtl C:/Users/killian/Downloads/GadgetFactory-Arduino-Soft-Core-v1.6-0-ga7f9bf7/GadgetFactory-Arduino-Soft-Core-06f1ba4/sources/JTAG_OCD_Prg/OCDProgcp2.vhd sub00/vhpl13 1304465499
PH memaccessctrlpack NULL C:/Users/killian/Downloads/GadgetFactory-Arduino-Soft-Core-v1.6-0-ga7f9bf7/GadgetFactory-Arduino-Soft-Core-06f1ba4/sources/MemArbAndMux/MemAccessCtrlPack.vhd sub00/vhpl08 1304465494
AR papilio_core_template behavioral C:/Users/killian/Downloads/GadgetFactory-Arduino-Soft-Core-v1.6-0-ga7f9bf7/GadgetFactory-Arduino-Soft-Core-06f1ba4/submodules/papilio_core_template/sources/papilio_core_template.vhd sub00/vhpl43 1304465529
EN ramadrdcd NULL C:/Users/killian/Downloads/GadgetFactory-Arduino-Soft-Core-v1.6-0-ga7f9bf7/GadgetFactory-Arduino-Soft-Core-06f1ba4/sources/MemArbAndMux/RAMAdrDcd.vhd sub00/vhpl68 1304465554
PH xmemcomppack NULL C:/Users/killian/Downloads/GadgetFactory-Arduino-Soft-Core-v1.6-0-ga7f9bf7/GadgetFactory-Arduino-Soft-Core-06f1ba4/sources/Memory/XMemCompPack.vhd sub00/vhpl38 1304465524
EN reg_file NULL C:/Users/killian/Downloads/GadgetFactory-Arduino-Soft-Core-v1.6-0-ga7f9bf7/GadgetFactory-Arduino-Soft-Core-06f1ba4/sources/Core/reg_file.vhd sub00/vhpl27 1304465513
AR uart rtl C:/Users/killian/Downloads/GadgetFactory-Arduino-Soft-Core-v1.6-0-ga7f9bf7/GadgetFactory-Arduino-Soft-Core-06f1ba4/sources/Peripheral/uart.vhd sub00/vhpl63 1304465549
PH avr_core_comppack NULL C:/Users/killian/Downloads/GadgetFactory-Arduino-Soft-Core-v1.6-0-ga7f9bf7/GadgetFactory-Arduino-Soft-Core-06f1ba4/sources/Core/AVR_Core_CompPack.vhd sub00/vhpl24 1304465510
AR xdm4kx8 rtl C:/Users/killian/Downloads/GadgetFactory-Arduino-Soft-Core-v1.6-0-ga7f9bf7/GadgetFactory-Arduino-Soft-Core-06f1ba4/sources/Memory/XDM4Kx8.vhd sub00/vhpl57 1304465543
PB avrucpackage avrucpackage C:/Users/killian/Downloads/GadgetFactory-Arduino-Soft-Core-v1.6-0-ga7f9bf7/GadgetFactory-Arduino-Soft-Core-06f1ba4/sources/CommonPacks/AVRuCPackage.vhd sub00/vhpl03 1304465489
PH jtagpack NULL C:/Users/killian/Downloads/GadgetFactory-Arduino-Soft-Core-v1.6-0-ga7f9bf7/GadgetFactory-Arduino-Soft-Core-06f1ba4/sources/JTAG_OCD_Prg/JTAGPack.vhd sub00/vhpl01 1304465487
AR bit_processor rtl C:/Users/killian/Downloads/GadgetFactory-Arduino-Soft-Core-v1.6-0-ga7f9bf7/GadgetFactory-Arduino-Soft-Core-06f1ba4/sources/Core/bit_processor.vhd sub00/vhpl30 1304465516
PH jtagcomppack NULL C:/Users/killian/Downloads/GadgetFactory-Arduino-Soft-Core-v1.6-0-ga7f9bf7/GadgetFactory-Arduino-Soft-Core-06f1ba4/sources/JTAG_OCD_Prg/JTAGCompPack.vhd sub00/vhpl09 1304465495
AR alu_avr rtl C:/Users/killian/Downloads/GadgetFactory-Arduino-Soft-Core-v1.6-0-ga7f9bf7/GadgetFactory-Arduino-Soft-Core-06f1ba4/sources/Core/alu_avr.vhd sub00/vhpl36 1304465522
EN bit_processor NULL C:/Users/killian/Downloads/GadgetFactory-Arduino-Soft-Core-v1.6-0-ga7f9bf7/GadgetFactory-Arduino-Soft-Core-06f1ba4/sources/Core/bit_processor.vhd sub00/vhpl29 1304465515
EN papilio_avr8 NULL C:/Users/killian/Downloads/GadgetFactory-Arduino-Soft-Core-v1.6-0-ga7f9bf7/GadgetFactory-Arduino-Soft-Core-06f1ba4/sources/uC/Papilio_AVR8.vhd sub00/vhpl70 1304465556
EN resync1b_cp2 NULL C:/Users/killian/Downloads/GadgetFactory-Arduino-Soft-Core-v1.6-0-ga7f9bf7/GadgetFactory-Arduino-Soft-Core-06f1ba4/sources/JTAG_OCD_Prg/Resync1b_cp2.vhd sub00/vhpl14 1304465500
PH memaccesscomppack NULL C:/Users/killian/Downloads/GadgetFactory-Arduino-Soft-Core-v1.6-0-ga7f9bf7/GadgetFactory-Arduino-Soft-Core-06f1ba4/sources/MemArbAndMux/MemAccessCompPack.vhd sub00/vhpl39 1304465525
PH jtagdatapack NULL C:/Users/killian/Downloads/GadgetFactory-Arduino-Soft-Core-v1.6-0-ga7f9bf7/GadgetFactory-Arduino-Soft-Core-06f1ba4/sources/JTAG_OCD_Prg/JTAGDataPack.vhd sub00/vhpl05 1304465491
EN jtagocdprgtop NULL C:/Users/killian/Downloads/GadgetFactory-Arduino-Soft-Core-v1.6-0-ga7f9bf7/GadgetFactory-Arduino-Soft-Core-06f1ba4/sources/JTAG_OCD_Prg/JTAGOCDPrgTop.vhd sub00/vhpl60 1304465546
AR resetgenerator rtl C:/Users/killian/Downloads/GadgetFactory-Arduino-Soft-Core-v1.6-0-ga7f9bf7/GadgetFactory-Arduino-Soft-Core-06f1ba4/sources/uC/ResetGenerator.vhd sub00/vhpl55 1304465541
EN io_reg_file NULL C:/Users/killian/Downloads/GadgetFactory-Arduino-Soft-Core-v1.6-0-ga7f9bf7/GadgetFactory-Arduino-Soft-Core-06f1ba4/sources/Core/io_reg_file.vhd sub00/vhpl33 1304465519
AR synchronizerdff rtl C:/Users/killian/Downloads/GadgetFactory-Arduino-Soft-Core-v1.6-0-ga7f9bf7/GadgetFactory-Arduino-Soft-Core-06f1ba4/sources/Peripheral/SynchronizerDFF.vhd sub00/vhpl21 1304465507
EN memrdmux NULL C:/Users/killian/Downloads/GadgetFactory-Arduino-Soft-Core-v1.6-0-ga7f9bf7/GadgetFactory-Arduino-Soft-Core-06f1ba4/sources/MemArbAndMux/MemRdMux.vhd sub00/vhpl66 1304465552
EN resync1b_tck NULL C:/Users/killian/Downloads/GadgetFactory-Arduino-Soft-Core-v1.6-0-ga7f9bf7/GadgetFactory-Arduino-Soft-Core-06f1ba4/sources/JTAG_OCD_Prg/Resync1b_TCK.vhd sub00/vhpl16 1304465502
AR resync1b_tck rtl C:/Users/killian/Downloads/GadgetFactory-Arduino-Soft-Core-v1.6-0-ga7f9bf7/GadgetFactory-Arduino-Soft-Core-06f1ba4/sources/JTAG_OCD_Prg/Resync1b_TCK.vhd sub00/vhpl17 1304465503
EN papilio_core_template NULL C:/Users/killian/Downloads/GadgetFactory-Arduino-Soft-Core-v1.6-0-ga7f9bf7/GadgetFactory-Arduino-Soft-Core-06f1ba4/submodules/papilio_core_template/sources/papilio_core_template.vhd sub00/vhpl42 1304465528
EN uart NULL C:/Users/killian/Downloads/GadgetFactory-Arduino-Soft-Core-v1.6-0-ga7f9bf7/GadgetFactory-Arduino-Soft-Core-06f1ba4/sources/Peripheral/uart.vhd sub00/vhpl62 1304465548
AR ocdprogtck rtl C:/Users/killian/Downloads/GadgetFactory-Arduino-Soft-Core-v1.6-0-ga7f9bf7/GadgetFactory-Arduino-Soft-Core-06f1ba4/sources/JTAG_OCD_Prg/OCDProgTCK.vhd sub00/vhpl11 1304465497
EN synchronizerdff NULL C:/Users/killian/Downloads/GadgetFactory-Arduino-Soft-Core-v1.6-0-ga7f9bf7/GadgetFactory-Arduino-Soft-Core-06f1ba4/sources/Peripheral/SynchronizerDFF.vhd sub00/vhpl20 1304465506
EN arbiterandmux NULL C:/Users/killian/Downloads/GadgetFactory-Arduino-Soft-Core-v1.6-0-ga7f9bf7/GadgetFactory-Arduino-Soft-Core-06f1ba4/sources/MemArbAndMux/ArbiterAndMux.vhd sub00/vhpl64 1304465550
EN ocdprogcp2 NULL C:/Users/killian/Downloads/GadgetFactory-Arduino-Soft-Core-v1.6-0-ga7f9bf7/GadgetFactory-Arduino-Soft-Core-06f1ba4/sources/JTAG_OCD_Prg/OCDProgcp2.vhd sub00/vhpl12 1304465498
PH jtagprogrammerpack NULL C:/Users/killian/Downloads/GadgetFactory-Arduino-Soft-Core-v1.6-0-ga7f9bf7/GadgetFactory-Arduino-Soft-Core-06f1ba4/sources/JTAG_OCD_Prg/JTAGProgrammerPack.vhd sub00/vhpl04 1304465490
AR ramdatareg rtl C:/Users/killian/Downloads/GadgetFactory-Arduino-Soft-Core-v1.6-0-ga7f9bf7/GadgetFactory-Arduino-Soft-Core-06f1ba4/sources/uC/RAMDataReg.vhd sub00/vhpl47 1304465533
AR pport rtl C:/Users/killian/Downloads/GadgetFactory-Arduino-Soft-Core-v1.6-0-ga7f9bf7/GadgetFactory-Arduino-Soft-Core-06f1ba4/sources/Peripheral/portx.vhd sub00/vhpl51 1304465537
EN timer_counter NULL C:/Users/killian/Downloads/GadgetFactory-Arduino-Soft-Core-v1.6-0-ga7f9bf7/GadgetFactory-Arduino-Soft-Core-06f1ba4/sources/Peripheral/Timer_Counter.vhd sub00/vhpl52 1304465538
