EN i2c_master_bit_ctrl NULL X:/Papilio/workarea/Arduino_Soft_Core/sources/Peripheral/i2c_master/i2c_master_bit_ctrl.vhd sub01/vhpl106 1313925396
PH synthctrlpack NULL X:/Papilio/workarea/Arduino_Soft_Core/sources/CommonPacks/SynthCtrlPack.vhd sub00/vhpl00 1313925398
AR wishbone_button_led_core rtl X:/Papilio/workarea/Arduino_Soft_Core/sources/Peripheral/Button_LED_Core/Wishbone_Button_LED_Core.vhd sub01/vhpl117 1313925416
EN ramdatareg NULL X:/Papilio/workarea/Arduino_Soft_Core/sources/uC/RAMDataReg.vhd sub00/vhpl46 1313925458
PH jtagcomppack NULL X:/Papilio/workarea/Arduino_Soft_Core/sources/JTAG_OCD_Prg/JTAGCompPack.vhd sub00/vhpl09 1313925419
EN ocdprogtck NULL X:/Papilio/workarea/Arduino_Soft_Core/sources/JTAG_OCD_Prg/OCDProgTCK.vhd sub00/vhpl10 1313925420
PB avrucpackage avrucpackage X:/Papilio/workarea/Arduino_Soft_Core/sources/CommonPacks/AVRuCPackage.vhd sub00/vhpl03 1313925405
EN dcm32to16 NULL X:/Papilio/workarea/Arduino_Soft_Core/scripts/XilinxISE/DCM32to16.vhd sub00/vhpl40 1313925450
AR add_key behavioral X:/Papilio/workarea/Arduino_Soft_Core/sources/Peripheral/tdes/add_key.vhd sub00/vhpl91 1313925381
AR i2c_master_top structural X:/Papilio/workarea/Arduino_Soft_Core/sources/Peripheral/i2c_master/i2c_master_top.vhd sub01/vhpl119 1313925418
EN xdm4kx8 NULL X:/Papilio/workarea/Arduino_Soft_Core/sources/Memory/XDM4Kx8.vhd sub00/vhpl56 1313925468
EN s8_box NULL X:/Papilio/workarea/Arduino_Soft_Core/sources/Peripheral/tdes/s8_box.vhd sub00/vhpl86 1313925376
EN xpm8kx16 NULL X:/Papilio/workarea/Arduino_Soft_Core/sources/Memory/XPM8Kx16.vhd sub00/vhpl58 1313925470
AR ramdatareg rtl X:/Papilio/workarea/Arduino_Soft_Core/sources/uC/RAMDataReg.vhd sub00/vhpl47 1313925459
EN s_box NULL X:/Papilio/workarea/Arduino_Soft_Core/sources/Peripheral/tdes/s_box.vhd sub00/vhpl92 1313925382
EN papilio_avr8 NULL X:/Papilio/workarea/Arduino_Soft_Core/sources/uC/Papilio_AVR8.vhd sub00/vhpl70 1313925488
EN resync1b_cp2 NULL X:/Papilio/workarea/Arduino_Soft_Core/sources/JTAG_OCD_Prg/Resync1b_cp2.vhd sub00/vhpl14 1313925424
EN wishbone_tdes_core NULL X:/Papilio/workarea/Arduino_Soft_Core/sources/Peripheral/tdes/Wishbone_tdes_core.vhd sub01/vhpl112 1313925411
AR dcm32to16 behavioral X:/Papilio/workarea/Arduino_Soft_Core/scripts/XilinxISE/DCM32to16.vhd sub00/vhpl41 1313925451
EN papilio_core_template NULL X:/Papilio/workarea/Arduino_Soft_Core/submodules/papilio_core_template/sources/papilio_core_template.vhd sub00/vhpl42 1313925452
EN s4_box NULL X:/Papilio/workarea/Arduino_Soft_Core/sources/Peripheral/tdes/s4_box.vhd sub00/vhpl78 1313925368
EN pport NULL X:/Papilio/workarea/Arduino_Soft_Core/sources/Peripheral/portx.vhd sub00/vhpl50 1313925462
EN io_adr_dec NULL X:/Papilio/workarea/Arduino_Soft_Core/sources/Core/io_adr_dec.vhd sub00/vhpl31 1313925441
EN synchronizerdff NULL X:/Papilio/workarea/Arduino_Soft_Core/sources/Peripheral/SynchronizerDFF.vhd sub00/vhpl20 1313925430
PH jtagdatapack NULL X:/Papilio/workarea/Arduino_Soft_Core/sources/JTAG_OCD_Prg/JTAGDataPack.vhd sub00/vhpl05 1313925407
EN avr2wishbone_bridge NULL X:/Papilio/workarea/Arduino_Soft_Core/sources/Peripheral/AVR2Wishbone_Bridge.vhd sub01/vhpl114 1313925413
AR resetgenerator rtl X:/Papilio/workarea/Arduino_Soft_Core/sources/uC/ResetGenerator.vhd sub00/vhpl55 1313925467
AR wishbone_tdes_core rtl X:/Papilio/workarea/Arduino_Soft_Core/sources/Peripheral/tdes/Wishbone_tdes_core.vhd sub01/vhpl113 1313925412
AR key_schedule behavioral X:/Papilio/workarea/Arduino_Soft_Core/sources/Peripheral/tdes/key_schedule.vhd sub01/vhpl101 1313925391
AR ocdprogcp2 rtl X:/Papilio/workarea/Arduino_Soft_Core/sources/JTAG_OCD_Prg/OCDProgcp2.vhd sub00/vhpl13 1313925423
AR jtagocdprgtop rtl X:/Papilio/workarea/Arduino_Soft_Core/sources/JTAG_OCD_Prg/JTAGOCDPrgTop.vhd sub00/vhpl61 1313925473
PH jtagprogrammerpack NULL X:/Papilio/workarea/Arduino_Soft_Core/sources/JTAG_OCD_Prg/JTAGProgrammerPack.vhd sub00/vhpl04 1313925406
AR resync1b_cp2 rtl X:/Papilio/workarea/Arduino_Soft_Core/sources/JTAG_OCD_Prg/Resync1b_cp2.vhd sub00/vhpl15 1313925425
AR papilio_core_template behavioral X:/Papilio/workarea/Arduino_Soft_Core/submodules/papilio_core_template/sources/papilio_core_template.vhd sub00/vhpl43 1313925453
PH memaccessctrlpack NULL X:/Papilio/workarea/Arduino_Soft_Core/sources/MemArbAndMux/MemAccessCtrlPack.vhd sub00/vhpl08 1313925410
EN tdes_avrtop NULL X:/Papilio/workarea/Arduino_Soft_Core/sources/Peripheral/tdes/tdes_avrtop.vhd sub01/vhpl126 1313925480
AR tdes_top behavioral X:/Papilio/workarea/Arduino_Soft_Core/sources/Peripheral/tdes/tdes_top.vhd sub01/vhpl109 1313925400
EN i2c_master_top NULL X:/Papilio/workarea/Arduino_Soft_Core/sources/Peripheral/i2c_master/i2c_master_top.vhd sub01/vhpl118 1313925417
EN resync1b_tck NULL X:/Papilio/workarea/Arduino_Soft_Core/sources/JTAG_OCD_Prg/Resync1b_TCK.vhd sub00/vhpl16 1313925426
EN alu_avr NULL X:/Papilio/workarea/Arduino_Soft_Core/sources/Core/alu_avr.vhd sub00/vhpl35 1313925445
AR bit_processor rtl X:/Papilio/workarea/Arduino_Soft_Core/sources/Core/bit_processor.vhd sub00/vhpl30 1313925440
EN resetgenerator NULL X:/Papilio/workarea/Arduino_Soft_Core/sources/uC/ResetGenerator.vhd sub00/vhpl54 1313925466
AR tdes_avrtop struct X:/Papilio/workarea/Arduino_Soft_Core/sources/Peripheral/tdes/tdes_avrtop.vhd sub01/vhpl127 1313925481
AR p_box behavioral X:/Papilio/workarea/Arduino_Soft_Core/sources/Peripheral/tdes/p_box.vhd sub00/vhpl95 1313925385
AR s1_box behavioral X:/Papilio/workarea/Arduino_Soft_Core/sources/Peripheral/tdes/s1_box.vhd sub00/vhpl73 1313925363
EN wishbone_button_led_core NULL X:/Papilio/workarea/Arduino_Soft_Core/sources/Peripheral/Button_LED_Core/Wishbone_Button_LED_Core.vhd sub01/vhpl116 1313925415
AR i2c_master_byte_ctrl structural X:/Papilio/workarea/Arduino_Soft_Core/sources/Peripheral/i2c_master/i2c_master_byte_ctrl.vhd sub01/vhpl111 1313925402
EN i2c_master_byte_ctrl NULL X:/Papilio/workarea/Arduino_Soft_Core/sources/Peripheral/i2c_master/i2c_master_byte_ctrl.vhd sub01/vhpl110 1313925401
EN e_expansion_function NULL X:/Papilio/workarea/Arduino_Soft_Core/sources/Peripheral/tdes/e_expansion_function.vhd sub00/vhpl88 1313925378
EN s5_box NULL X:/Papilio/workarea/Arduino_Soft_Core/sources/Peripheral/tdes/s5_box.vhd sub00/vhpl80 1313925370
AR s3_box behavioral X:/Papilio/workarea/Arduino_Soft_Core/sources/Peripheral/tdes/s3_box.vhd sub00/vhpl77 1313925367
EN p_box NULL X:/Papilio/workarea/Arduino_Soft_Core/sources/Peripheral/tdes/p_box.vhd sub00/vhpl94 1313925384
AR io_reg_file rtl X:/Papilio/workarea/Arduino_Soft_Core/sources/Core/io_reg_file.vhd sub00/vhpl34 1313925444
AR ramadrdcd rtl X:/Papilio/workarea/Arduino_Soft_Core/sources/MemArbAndMux/RAMAdrDcd.vhd sub00/vhpl69 1313925487
EN s1_box NULL X:/Papilio/workarea/Arduino_Soft_Core/sources/Peripheral/tdes/s1_box.vhd sub00/vhpl72 1313925362
PB jtagtapctrlsmpack jtagtapctrlsmpack X:/Papilio/workarea/Arduino_Soft_Core/sources/JTAG_OCD_Prg/JTAGTAPCtrlSMPack.vhd sub00/vhpl07 1313925409
AR s6_box behavioral X:/Papilio/workarea/Arduino_Soft_Core/sources/Peripheral/tdes/s6_box.vhd sub00/vhpl83 1313925373
EN des_cipher_top NULL X:/Papilio/workarea/Arduino_Soft_Core/sources/Peripheral/tdes/des_cipher_top.vhd sub01/vhpl104 1313925394
AR pm_fetch_dec rtl X:/Papilio/workarea/Arduino_Soft_Core/sources/Core/pm_fetch_dec.vhd sub00/vhpl26 1313925436
AR i2c_master_bit_ctrl structural X:/Papilio/workarea/Arduino_Soft_Core/sources/Peripheral/i2c_master/i2c_master_bit_ctrl.vhd sub01/vhpl107 1313925397
EN avr_core NULL X:/Papilio/workarea/Arduino_Soft_Core/sources/Core/avr_core.vhd sub00/vhpl44 1313925454
EN i2c_master_avrtop NULL X:/Papilio/workarea/Arduino_Soft_Core/sources/Peripheral/i2c_master/i2c_master_avrtop.vhd sub01/vhpl122 1313925476
EN external_mux NULL X:/Papilio/workarea/Arduino_Soft_Core/sources/uC/external_mux.vhd sub00/vhpl48 1313925460
PH memaccesscomppack NULL X:/Papilio/workarea/Arduino_Soft_Core/sources/MemArbAndMux/MemAccessCompPack.vhd sub00/vhpl39 1313925449
AR s5_box behavioral X:/Papilio/workarea/Arduino_Soft_Core/sources/Peripheral/tdes/s5_box.vhd sub00/vhpl81 1313925371
AR xpm8kx16 rtl X:/Papilio/workarea/Arduino_Soft_Core/sources/Memory/XPM8Kx16.vhd sub00/vhpl59 1313925471
EN button_led_avrtop NULL X:/Papilio/workarea/Arduino_Soft_Core/sources/Peripheral/Button_LED_Core/Button_LED_avrtop.vhd sub01/vhpl124 1313925478
AR reg_file rtl X:/Papilio/workarea/Arduino_Soft_Core/sources/Core/reg_file.vhd sub00/vhpl28 1313925438
EN timer_counter NULL X:/Papilio/workarea/Arduino_Soft_Core/sources/Peripheral/Timer_Counter.vhd sub00/vhpl52 1313925464
AR papilio_avr8 struct X:/Papilio/workarea/Arduino_Soft_Core/sources/uC/Papilio_AVR8.vhd sub00/vhpl71 1313925489
AR s8_box behavioral X:/Papilio/workarea/Arduino_Soft_Core/sources/Peripheral/tdes/s8_box.vhd sub00/vhpl87 1313925377
EN synchronizerlatch NULL X:/Papilio/workarea/Arduino_Soft_Core/sources/Peripheral/SynchronizerLatch.vhd sub00/vhpl22 1313925432
AR des_cipher_top behavioral X:/Papilio/workarea/Arduino_Soft_Core/sources/Peripheral/tdes/des_cipher_top.vhd sub01/vhpl105 1313925395
EN pm_fetch_dec NULL X:/Papilio/workarea/Arduino_Soft_Core/sources/Core/pm_fetch_dec.vhd sub00/vhpl25 1313925435
EN ramadrdcd NULL X:/Papilio/workarea/Arduino_Soft_Core/sources/MemArbAndMux/RAMAdrDcd.vhd sub00/vhpl68 1313925486
AR synchronizerdff rtl X:/Papilio/workarea/Arduino_Soft_Core/sources/Peripheral/SynchronizerDFF.vhd sub00/vhpl21 1313925431
AR des_top behavioral X:/Papilio/workarea/Arduino_Soft_Core/sources/Peripheral/tdes/des_top.vhd sub01/vhpl103 1313925393
EN reg_file NULL X:/Papilio/workarea/Arduino_Soft_Core/sources/Core/reg_file.vhd sub00/vhpl27 1313925437
AR uart rtl X:/Papilio/workarea/Arduino_Soft_Core/sources/Peripheral/uart.vhd sub00/vhpl63 1313925475
AR xdm4kx8 rtl X:/Papilio/workarea/Arduino_Soft_Core/sources/Memory/XDM4Kx8.vhd sub00/vhpl57 1313925469
PH jtagpack NULL X:/Papilio/workarea/Arduino_Soft_Core/sources/JTAG_OCD_Prg/JTAGPack.vhd sub00/vhpl01 1313925403
EN tdes_top NULL X:/Papilio/workarea/Arduino_Soft_Core/sources/Peripheral/tdes/tdes_top.vhd sub01/vhpl108 1313925399
EN add_key NULL X:/Papilio/workarea/Arduino_Soft_Core/sources/Peripheral/tdes/add_key.vhd sub00/vhpl90 1313925380
AR addr_decoder rtl X:/Papilio/workarea/Arduino_Soft_Core/sources/uC/Addr_Decoder.vhd sub01/vhpl121 1313925457
PH avr_core_comppack NULL X:/Papilio/workarea/Arduino_Soft_Core/sources/Core/AVR_Core_CompPack.vhd sub00/vhpl24 1313925434
AR alu_avr rtl X:/Papilio/workarea/Arduino_Soft_Core/sources/Core/alu_avr.vhd sub00/vhpl36 1313925446
AR arbiterandmux rtl X:/Papilio/workarea/Arduino_Soft_Core/sources/MemArbAndMux/ArbiterAndMux.vhd sub00/vhpl65 1313925483
AR ocdprogtck rtl X:/Papilio/workarea/Arduino_Soft_Core/sources/JTAG_OCD_Prg/OCDProgTCK.vhd sub00/vhpl11 1313925421
EN s6_box NULL X:/Papilio/workarea/Arduino_Soft_Core/sources/Peripheral/tdes/s6_box.vhd sub00/vhpl82 1313925372
EN des_top NULL X:/Papilio/workarea/Arduino_Soft_Core/sources/Peripheral/tdes/des_top.vhd sub01/vhpl102 1313925392
AR synchronizerlatch rtl X:/Papilio/workarea/Arduino_Soft_Core/sources/Peripheral/SynchronizerLatch.vhd sub00/vhpl23 1313925433
AR resync1b_tck rtl X:/Papilio/workarea/Arduino_Soft_Core/sources/JTAG_OCD_Prg/Resync1b_TCK.vhd sub00/vhpl17 1313925427
EN s2_box NULL X:/Papilio/workarea/Arduino_Soft_Core/sources/Peripheral/tdes/s2_box.vhd sub00/vhpl74 1313925364
EN key_schedule NULL X:/Papilio/workarea/Arduino_Soft_Core/sources/Peripheral/tdes/key_schedule.vhd sub01/vhpl100 1313925390
AR timer_counter rtl X:/Papilio/workarea/Arduino_Soft_Core/sources/Peripheral/Timer_Counter.vhd sub00/vhpl53 1313925465
AR button_led_avrtop struct X:/Papilio/workarea/Arduino_Soft_Core/sources/Peripheral/Button_LED_Core/Button_LED_avrtop.vhd sub01/vhpl125 1313925479
AR io_adr_dec rtl X:/Papilio/workarea/Arduino_Soft_Core/sources/Core/io_adr_dec.vhd sub00/vhpl32 1313925442
PH prog_mem_init_pkg NULL X:/Papilio/workarea/Arduino_Soft_Core/sources/Memory/prog_mem_init.vhd sub00/vhpl18 1313925428
EN bit_processor NULL X:/Papilio/workarea/Arduino_Soft_Core/sources/Core/bit_processor.vhd sub00/vhpl29 1313925439
EN io_reg_file NULL X:/Papilio/workarea/Arduino_Soft_Core/sources/Core/io_reg_file.vhd sub00/vhpl33 1313925443
AR e_expansion_function behavioral X:/Papilio/workarea/Arduino_Soft_Core/sources/Peripheral/tdes/e_expansion_function.vhd sub00/vhpl89 1313925379
AR avr2wishbone_bridge rtl X:/Papilio/workarea/Arduino_Soft_Core/sources/Peripheral/AVR2Wishbone_Bridge.vhd sub01/vhpl115 1313925414
PH jtagtapctrlsmpack NULL X:/Papilio/workarea/Arduino_Soft_Core/sources/JTAG_OCD_Prg/JTAGTAPCtrlSMPack.vhd sub00/vhpl06 1313925408
EN memrdmux NULL X:/Papilio/workarea/Arduino_Soft_Core/sources/MemArbAndMux/MemRdMux.vhd sub00/vhpl66 1313925484
EN jtagocdprgtop NULL X:/Papilio/workarea/Arduino_Soft_Core/sources/JTAG_OCD_Prg/JTAGOCDPrgTop.vhd sub00/vhpl60 1313925472
EN add_left NULL X:/Papilio/workarea/Arduino_Soft_Core/sources/Peripheral/tdes/add_left.vhd sub00/vhpl96 1313925386
PH avrucpackage NULL X:/Papilio/workarea/Arduino_Soft_Core/sources/CommonPacks/AVRuCPackage.vhd sub00/vhpl02 1313925404
EN s7_box NULL X:/Papilio/workarea/Arduino_Soft_Core/sources/Peripheral/tdes/s7_box.vhd sub00/vhpl84 1313925374
AR s2_box behavioral X:/Papilio/workarea/Arduino_Soft_Core/sources/Peripheral/tdes/s2_box.vhd sub00/vhpl75 1313925365
EN uart NULL X:/Papilio/workarea/Arduino_Soft_Core/sources/Peripheral/uart.vhd sub00/vhpl62 1313925474
AR memrdmux rtl X:/Papilio/workarea/Arduino_Soft_Core/sources/MemArbAndMux/MemRdMux.vhd sub00/vhpl67 1313925485
EN addr_decoder NULL X:/Papilio/workarea/Arduino_Soft_Core/sources/uC/Addr_Decoder.vhd sub01/vhpl120 1313925456
EN ocdprogcp2 NULL X:/Papilio/workarea/Arduino_Soft_Core/sources/JTAG_OCD_Prg/OCDProgcp2.vhd sub00/vhpl12 1313925422
EN s3_box NULL X:/Papilio/workarea/Arduino_Soft_Core/sources/Peripheral/tdes/s3_box.vhd sub00/vhpl76 1313925366
AR s_box behavioral X:/Papilio/workarea/Arduino_Soft_Core/sources/Peripheral/tdes/s_box.vhd sub00/vhpl93 1313925383
AR i2c_master_avrtop struct X:/Papilio/workarea/Arduino_Soft_Core/sources/Peripheral/i2c_master/i2c_master_avrtop.vhd sub01/vhpl123 1313925477
PH avr_uc_comppack NULL X:/Papilio/workarea/Arduino_Soft_Core/sources/uC/AVR_uC_CompPack.vhd sub00/vhpl37 1313925447
AR external_mux rtl X:/Papilio/workarea/Arduino_Soft_Core/sources/uC/external_mux.vhd sub00/vhpl49 1313925461
AR s4_box behavioral X:/Papilio/workarea/Arduino_Soft_Core/sources/Peripheral/tdes/s4_box.vhd sub00/vhpl79 1313925369
AR pport rtl X:/Papilio/workarea/Arduino_Soft_Core/sources/Peripheral/portx.vhd sub00/vhpl51 1313925463
EN block_top NULL X:/Papilio/workarea/Arduino_Soft_Core/sources/Peripheral/tdes/block_top.vhd sub00/vhpl98 1313925388
AR avr_core struct X:/Papilio/workarea/Arduino_Soft_Core/sources/Core/avr_core.vhd sub00/vhpl45 1313925455
AR add_left behavioral X:/Papilio/workarea/Arduino_Soft_Core/sources/Peripheral/tdes/add_left.vhd sub00/vhpl97 1313925387
PH xmemcomppack NULL X:/Papilio/workarea/Arduino_Soft_Core/sources/Memory/XMemCompPack.vhd sub00/vhpl38 1313925448
AR s7_box behavioral X:/Papilio/workarea/Arduino_Soft_Core/sources/Peripheral/tdes/s7_box.vhd sub00/vhpl85 1313925375
PH synchronizercomppack NULL X:/Papilio/workarea/Arduino_Soft_Core/sources/Peripheral/SynchronizerCompPack.vhd sub00/vhpl19 1313925429
EN arbiterandmux NULL X:/Papilio/workarea/Arduino_Soft_Core/sources/MemArbAndMux/ArbiterAndMux.vhd sub00/vhpl64 1313925482
AR block_top behavioral X:/Papilio/workarea/Arduino_Soft_Core/sources/Peripheral/tdes/block_top.vhd sub00/vhpl99 1313925389
